[debug] [2026-01-13T14:42:16.586Z] ----------------------------------------------------------------------
[debug] [2026-01-13T14:42:16.588Z] Command:       /Users/mac-KBOZ09/.nvm/versions/node/v20.19.1/bin/node /Users/mac-KBOZ09/.nvm/versions/node/v20.19.1/bin/firebase init
[debug] [2026-01-13T14:42:16.588Z] CLI Version:   15.2.1
[debug] [2026-01-13T14:42:16.588Z] Platform:      darwin
[debug] [2026-01-13T14:42:16.588Z] Node Version:  v20.19.1
[debug] [2026-01-13T14:42:16.588Z] Time:          Tue Jan 13 2026 15:42:16 GMT+0100 (Central European Standard Time)
[debug] [2026-01-13T14:42:16.588Z] ----------------------------------------------------------------------
[debug] 
[info] 
     ######## #### ########  ######## ########     ###     ######  ########
     ##        ##  ##     ## ##       ##     ##  ##   ##  ##       ##
     ######    ##  ########  ######   ########  #########  ######  ######
     ##        ##  ##    ##  ##       ##     ## ##     ##       ## ##
     ##       #### ##     ## ######## ########  ##     ##  ######  ########

You're about to initialize a Firebase project in this directory:

  /Users/mac-KBOZ09/StudioProjects/FootPronostic

[debug] [2026-01-13T14:45:17.480Z] ExitPromptError: User force closed the prompt with SIGINT
    at Interface.sigint (/Users/mac-KBOZ09/.nvm/versions/node/v20.19.1/lib/node_modules/firebase-tools/node_modules/@inquirer/core/dist/commonjs/lib/create-prompt.js:101:37)
    at Interface.emit (node:events:524:28)
    at [_ttyWrite] [as _ttyWrite] (node:internal/readline/interface:1125:18)
    at ReadStream.onkeypress (node:internal/readline/interface:264:20)
    at ReadStream.emit (node:events:536:35)
    at emitKeys (node:internal/readline/utils:371:14)
    at emitKeys.next (<anonymous>)
    at ReadStream.onData (node:internal/readline/emitKeypressEvents:64:36)
    at ReadStream.emit (node:events:524:28)
    at addChunk (node:internal/streams/readable:561:12)
[error] 
[error] Error: An unexpected error has occurred.
